---
source: crates/stems-cli/src/commands/status.rs
assertion_line: 417
expression: "table(&st, &Style::default())"
---
STEM                      TYPE     STATUS    REASON                                    PID  PORTS  UPTIME  RESTARTS
a-really-quite-extraord…  process  ✗ failed  `a-really-quite-extraordinarily-long-st…  -    -      -       7

0 healthy, 0 degraded, 1 failed, 0 unhealthy, 0 starting, 0 stopped, 0 unknown
