---
source: crates/stems-cli/src/commands/status.rs
assertion_line: 377
expression: "table(&st, &ascii)"
---
STEM      TYPE      STATUS      REASON                                    PID   PORTS       UPTIME  RESTARTS
echo-svc  process   OK healthy  -                                         4242  http:18090  1m15s   0
web       process   - stopped   -                                         -     http:auto   -       2
hosted    external  ? unknown   external: not managed by stems (no he...  -     -           -       0

1 healthy, 0 degraded, 0 failed, 0 unhealthy, 0 starting, 1 stopped, 1 unknown
