---
source: crates/stems-tui/src/tests/sections.rs
assertion_line: 687
expression: text
---
 stems · process-ch…  1 Graph  2 Table  3 [Detail]  4 Logs  5 Events  6 Scripts
┌ Detail: b · ✓ healthy · lines 1-19/41 ──────── a  [b]  c  d · [ ] ←/→ switch ┐
│✓ healthy · ready (tcp)                                                       │
│pid 102 · up 8s · restarts 0 · variant local                                  │
│ports http:18302                                                              │
│                                                                              │
│Scripts · Enter run · : menu                                                  │
│  create-test-user custom    (email*, role) Create a user with a known passwo…│
│  flaky            custom    Fails on its first two attempts                  │
│  start            lifecycle                                                  │
│                                                                              │
│Variants · Enter switch · v picker                                            │
│  ● local  process  active                                                    │
│› ○ slow   process                                                            │
│  ○ docker docker                                                             │
│                                                                              │
│Watchdog · Enter/p pause·resume                                               │
│  watch on · last trigger never                                               │
│  *.py → restart · debounce 200ms                                             │
│                                                                              │
│Health                                                                        │
└──────────────────────────────────────────────────────────────────────────────┘
 ■ x stop  ↻ r restart  : scripts (2+1)  v variant local ▸ slow  p watch on …
 process-chain · profile - · daemon pid 4242 · ✓2 !0 ✗0 ↯0 ·1 ?0 ↻1 j/k row · E…
