---
source: crates/stems-core/tests/graph_render.rs
expression: text(&l)
---
┌───────┐      ┌───────┐  ╭──────────────╮                        ┌───────┐
│ s16 · ├─────▶│ s10 · ├──┤              ╰────────────────╮       │ s11 · │
└───────┘      └───────┘  │   ┌───────┐                   │       └───────┘
                          ├──▶│ s06 · ├──╮     ┌───────┐  │
               ┌───────┐  │   └───────┘  ╰────▶│ s02 · ├──┼─╮     ┌───────┐
           ╭──▶│ s08 · ├──╯                    └───────┘  ├─┼─┬──▶│ s00 · │
┌───────┐  │   └───────┘      ┌───────┐                   │ │ │   └───────┘
│ s17 · ├──┤                  │ s09 · ├──╮     ┌───────┐  │ │ │
└───────┘  │                  └───────┘  ╰─┬──▶│ s01 · ├──╯ │ │   ┌───────┐
           ╰──────────────╮                │   └───────┘    │ │   │ s13 · │
                          ╰──────────────╮ │                │ │   └───────┘
                                         ╰─┼────────────────╯ │
               ┌───────┐      ┌───────┐    │                  │   ┌───────┐
               │ s07 · ├─────▶│ s05 · ├────┤   ┌───────┐      │   │ s15 · │
               └───────┘      └───────┘  ╭─┴──▶│ s04 · ├──────┤   └───────┘
                                         │     └───────┘      │
               ┌───────┐      ┌───────┐  │                    │   ┌───────┐
               │ s14 · ├─────▶│ s12 · ├──┴────────────────────┴──▶│ s03 · │
               └───────┘      └───────┘                           └───────┘

                                                                  ┌───────┐
                                                                  │ s18 · │
                                                                  └───────┘

                                                                  ┌───────┐
                                                                  │ s19 · │
                                                                  └───────┘
