---
source: crates/stems-core/tests/graph_render.rs
expression: "render_text(&hello_shop(), &opts)"
---
+------------+      +---------------+        +------------+
| shop-web - +----->| shop-api    - +--+-+-->| postgres - |
+------------+      +---------------+  | |   +------------+
                                       | |
                    +---------------+  | |   +------------+
                    | shop-worker - +--+-+-->| redis    - |
                    +---------------+        +------------+

                                             +------------+
                                             | httpbin  - |
                                             +------------+
