---
source: crates/stems-cli/tests/help.rs
expression: help
---
Open the dashboard (TUI) on the workspace daemon.

Keys: j/k move, Enter detail, Tab cycles views, / filter, s sort, ? help, q quit (leaves the stems
running). STEMS_TUI=0, a non-terminal stdout or --json give the plain event stream instead.
--headless --script 'wait:healthy;frame;j;Enter;frame' replays keys and prints each frame as text
(see docs/tui.md).

Usage: stems attach [OPTIONS]

Options:
      --view <VIEW>
          Initial view

          Possible values:
          - table:  The stem table
          - detail: The selected stem's detail pane
          - graph:  The dependency graph

      --headless
          Render frames as text without a terminal (for tests)

      --script <SPEC>
          Key script to replay (implies --headless): tokens separated by `;`
          (`wait:healthy;frame;j;Enter;frame`), or `@FILE` to read them from a file

      --frames-out <DIR>
          Write rendered frames into this directory (with --headless)

      --size <WxH>
          Frame size with --headless (default 80x24)

  -h, --help
          Print help (see a summary with '-h')

Global options:
      --workspace <PATH>
          Workspace directory or stems.yaml path (default: $STEMS_WORKSPACE, else walk up from the
          current directory)

      --json
          Emit the JSON envelope (the default when stdout is not a terminal)

      --human
          Emit human text even when stdout is not a terminal

      --no-color
          Disable colours in human output
          
          [env: STEMS_NO_COLOR]

  -q, --quiet
          Print only errors in human mode

  -v, --verbose...
          More detail (repeat for more: -vv)

      --home <PATH>
          Root for daemon state, sockets, locks and logs (default: ~/Library/Application
          Support/stems on macOS, $XDG_STATE_HOME/stems or ~/.local/state/stems on Linux)
          
          [env: STEMS_HOME]
