---
source: crates/stems-cli/tests/help.rs
expression: help
---
Show or follow the event stream (NDJSON with --json).

Prints the daemon's buffered events (the last 10 000), oldest first; with -f keeps streaming new
ones until the daemon stops or Ctrl-C. With --json the output is NDJSON, one event object per line
(`{ts, seq, kind, stem, from, to, reason, actor, data}`) and no envelope: the hook for external
automation. Errors still use the envelope (e.g. exit 4 DAEMON_NOT_RUNNING).

Usage: stems events [OPTIONS]

Options:
  -f, --follow
          Keep streaming new events

      --since <SEQ>
          Only events after this sequence number (default 0: every buffered event)

  -h, --help
          Print help (see a summary with '-h')

Global options:
      --workspace <PATH>
          Workspace directory or stems.yaml path (default: $STEMS_WORKSPACE, else walk up from the
          current directory)

      --json
          Emit the JSON envelope (the default when stdout is not a terminal)

      --human
          Emit human text even when stdout is not a terminal

      --no-color
          Disable colours in human output
          
          [env: STEMS_NO_COLOR]

  -q, --quiet
          Print only errors in human mode

  -v, --verbose...
          More detail (repeat for more: -vv)

      --home <PATH>
          Root for daemon state, sockets, locks and logs (default: ~/Library/Application
          Support/stems on macOS, $XDG_STATE_HOME/stems or ~/.local/state/stems on Linux)
          
          [env: STEMS_HOME]
