---
source: crates/stems-cli/tests/help.rs
expression: help
---
Start the workspace daemon in the background.

Spawns the daemon detached (its own session, output appended to `$STEMS_HOME/<ws-hash>/stemsd.log`)
and waits up to 5 s for its socket. If a daemon already serves this workspace, reports it with
`already_running: true` (exit 0).

Usage: stems daemon start [OPTIONS]

Options:
      --foreground
          Run the daemon in this terminal (logging to stderr too) instead of detaching; Ctrl-C stops
          it

  -h, --help
          Print help (see a summary with '-h')

Global options:
      --workspace <PATH>
          Workspace directory or stems.yaml path (default: $STEMS_WORKSPACE, else walk up from the
          current directory)

      --json
          Emit the JSON envelope (the default when stdout is not a terminal)

      --human
          Emit human text even when stdout is not a terminal

      --no-color
          Disable colours in human output
          
          [env: STEMS_NO_COLOR]

  -q, --quiet
          Print only errors in human mode

  -v, --verbose...
          More detail (repeat for more: -vv)

      --home <PATH>
          Root for daemon state, sockets, locks and logs (default: ~/Library/Application
          Support/stems on macOS, $XDG_STATE_HOME/stems or ~/.local/state/stems on Linux)
          
          [env: STEMS_HOME]
