---
source: crates/stems-cli/tests/help.rs
expression: help
---
Pause or resume watchdogs

Usage: stems watch [OPTIONS] <COMMAND>

Commands:
  pause   Pause watchdogs (all, or some stems')
  resume  Resume watchdogs (all, clearing per-stem pauses too, or some stems')
  status  Show watchdog rules and state (--json gives `{stems, global_paused, disabled}`)
  help    Print this message or the help of the given subcommand(s)

Options:
  -h, --help
          Print help

Global options:
      --workspace <PATH>
          Workspace directory or stems.yaml path (default: $STEMS_WORKSPACE, else walk up from the
          current directory)

      --json
          Emit the JSON envelope (the default when stdout is not a terminal)

      --human
          Emit human text even when stdout is not a terminal

      --no-color
          Disable colours in human output
          
          [env: STEMS_NO_COLOR]

  -q, --quiet
          Print only errors in human mode

  -v, --verbose...
          More detail (repeat for more: -vv)

      --home <PATH>
          Root for daemon state, sockets, locks and logs (default: ~/Library/Application
          Support/stems on macOS, $XDG_STATE_HOME/stems or ~/.local/state/stems on Linux)
          
          [env: STEMS_HOME]
