---
source: crates/stems-cli/tests/help.rs
expression: help
---
List scripts.

Workspace and stem scripts, lifecycle and custom, with their arguments. Reads the config locally (no
daemon needed). `--json` prints the catalogue the TUI and MCP server use: `data: {scripts: [{stem,
name, description, args, requires, kind, timeout, retries, concurrent, mcp_tool, input_schema}]}`.

Usage: stems scripts [OPTIONS] [STEM]

Arguments:
  [STEM]
          Only this stem's scripts

Options:
  -h, --help
          Print help (see a summary with '-h')

Global options:
      --workspace <PATH>
          Workspace directory or stems.yaml path (default: $STEMS_WORKSPACE, else walk up from the
          current directory)

      --json
          Emit the JSON envelope (the default when stdout is not a terminal)

      --human
          Emit human text even when stdout is not a terminal

      --no-color
          Disable colours in human output
          
          [env: STEMS_NO_COLOR]

  -q, --quiet
          Print only errors in human mode

  -v, --verbose...
          More detail (repeat for more: -vv)

      --home <PATH>
          Root for daemon state, sockets, locks and logs (default: ~/Library/Application
          Support/stems on macOS, $XDG_STATE_HOME/stems or ~/.local/state/stems on Linux)
          
          [env: STEMS_HOME]
