---
source: crates/stems-tui/src/tests.rs
expression: text
---
 stems · process-chain           1 Graph  2 [Table]  3 Detail  4 Logs  5 Events
  STEM TYPE    STATUS     REASON       PID    PORTS  UPTIME RESTARTS CPU   MEM
› a    process ✓ healthy  ready (tcp)  101    18301  9s     0
  b    process ✓ healthy  ready (tcp)  102    18302  8s     0
  c    process ↻ starting -            103    18303  1s     0
  ┌ Help ───────────────────────────────────────────────────────────────────┐
  │ j/k ↓/↑    move the selection        x / X      stop / with dependants  │
  │ h/l ←/→    graph: across columns     r / R      restart / rebuild       │
  │ f e + -    graph: focus labels zoom  p          pause/resume watchdog   │
  │ g / G      first / last stem         o          open code in $EDITOR    │
  │ Enter      open the detail view      S          reset (type `reset`)    │
  │ Tab S-Tab  next / previous view      :          script menu             │
  │ 1-5        go to a view (header #)   u / d      up all / down all       │
  │ /          filter stems by name      Ctrl-P     command palette         │
  │ O          cycle the sort order      Esc        dismiss toasts, back    │
  │ Ctrl-L     split: logs below         e          error toast details     │
  │ click      row / tab (mouse = true)  ?          toggle this help        │
  │ s          start the stem            q Ctrl-C   quit                    │
  └─────────────────────────────────────────────────────────────────────────┘




 process-chain · profile - · daemon pid 4242 · ✓2 !0 ✗0 ·1 ?0 ↻1 ? help · q qui…
