---
source: crates/stems-tui/src/tests.rs
assertion_line: 736
expression: text
---
 stems · minimal      1 Graph  2 [Table]  3 Detail  4 Logs  5 Events  6 Scripts
  STEM     TYPE    STATUS     REASON   PID    PORTS  UPTIME RESTARTS CPU   MEM
› echo-svc process ✓ healthy  ready (… 12345  18090  42s    0





                     ┌ Quit ──────────────────────────────┐
                     │ Stop everything? [y/N/d(etach)]    │
                     │                                    │
                     │ y  stop every stem and the daemon  │
                     │ d  detach: leave them running      │
                     │ n  cancel                          │
                     └────────────────────────────────────┘







 ■ x stop  ↻ r restart  : scripts  o editor  ? more
 minimal · profile - · daemon pid 4242 · ✓1 !0 ✗0 ↯0 ·0 ?0 ↻0   ? help · q quit
