---
source: crates/stems-tui/src/graph.rs
expression: "widget_text(l, w, h, None, None)"
---
                                          ┌──────────┐      ┌─────────┐
                                          │ mailer · ├─────▶│ queue · │
                                          └──────────┘      └─────────┘

                                          ┌──────────┐      ┌─────────┐
                     ┌───────────┐  ╭────▶│ search · ├─────▶│ index · │
┌───────────┐  ╭─┬──▶│ auth    · ├──┼─╮   └──────────┘      └─────────┘
│ admin   · ├──┤ │   └───────────┘  │ │
└───────────┘  │ │                  │ │   ┌──────────┐
               │ │   ┌───────────┐  │ ╰──▶│ users  · ├──╮
┌───────────┐  ╰─┼──▶│ catalog · ├──┤     └──────────┘  │
│ gateway · ├────┤   └───────────┘  │                   │   ┌─────────┐
└───────────┘    │                  ╰───────────────────┼──▶│ db    · │
                 ╰────────────────────╮                 │   └─────────┘
                                      │   ┌──────────┐  │
                                      ╰──▶│ cart   · ├──┤   ┌─────────┐
                                          └──────────┘  ╰──▶│ cache · │
                                                            └─────────┘
