---
source: crates/stems-tui/src/tests.rs
expression: text
---
 stems · process-chain                                                              Graph [Table] Detail  Logs  Events
  STEM TYPE     STATUS       REASON                        PID     PORTS          UPTIME  RESTARTS CPU        MEM
› a    process  ✓ healthy    ready (tcp)                   101     http:18301     9s      0
  b    process  ✓ healthy    ready (tcp)                   102     http:18302     8s      0
  c    process  ↻ starting   -                             103     http:18303     1s      0
  d    process  · stopped    -                             -       http:18304     -       0


                          ┌ Help ────────────────────────────────────────────────────────────┐
                          │ j/k ↓/↑         move the selection                               │
                          │ h/l ←/→         graph: across columns                            │
                          │ f e + -         graph: focus labels zoom                         │
                          │ g / G           first / last stem                                │
                          │ Enter           open the detail view                             │
                          │ Tab S-Tab       next / previous view                             │
                          │ /               filter stems by name                             │
                          │ O               cycle the sort order                             │
                          │ Ctrl-L          split: logs below                                │
                          │ s               start the stem                                   │
                          │ x / X           stop / with dependants                           │
                          │ r / R           restart / rebuild                                │
                          │ p               pause/resume watchdog                            │
                          │ o               open code in $EDITOR                             │
                          │ S               reset (type `reset`)                             │
                          │ :               script menu                                      │
                          │ u / d           up all / down all                                │
                          │ Ctrl-P          command palette                                  │
                          │ Esc             dismiss toasts, back                             │
                          │ e               error toast details                              │
                          │ ?               toggle this help                                 │
                          │ q Ctrl-C        quit                                             │
                          └──────────────────────────────────────────────────────────────────┘







 process-chain · profile - · daemon pid 4242 · ✓2 !0 ✗0 ·1 ?0 ↻1                                        ? help · q quit
