---
source: crates/stems-tui/src/tests.rs
expression: text
---
 stems · minimal                            Graph  Table  Detail [Logs] Events
┌ Logs: echo-svc · scrolled · level warn+ ─────────────────────────────────────┐
│›* 12:00:00.010 ERROR chaos log line 1                                        │
│   12:00:00.030 ERROR chaos log line 3                                        │
│   12:00:00.050 ERROR chaos log line 5                                        │
│                                                                              │
│                                                                              │
│                                                                              │
│                                                                              │
│                                                                              │
│                                                                              │
│                                                                              │
│                                                                              │
│                                                                              │
│                                                                              │
│                                                                              │
│                                                                              │
│                                                                              │
│                                                                              │
│                                                                              │
│                                                                              │
│ /line 1 · 1 match · 1/1 (n/N)                                                │
└──────────────────────────────────────────────────────────────────────────────┘
 minimal · profile - · daemon pid 4242 · ✓1 !0 ✗0 ·0 ?0 ↻0 Space pause · ? help…
