---
source: crates/stems-tui/src/tests.rs
expression: text
---
 stems · process-chain                                                             [Graph] Table  Detail  Logs  Events
             ┌─────┐
         ╭──▶│ b ✓ ├──╮
┌─────┐  │   └─────┘  │   ┌─────┐
│ d · ├──┤            ├──▶│ a ✗ │
└─────┘  │   ┌─────┐  │   └─────┘
         ╰──▶│ c ↻ ├──╯
             └─────┘






























 ✓ healthy  ! degraded  ✗ failed  · stopped  ? unknown  ↻ transitioning                                        zoom auto
 process-chain · profile - · daemon pid 4242 · ✓1 !0 ✗1 ·1 ?0 ↻1                                        ? help · q quit
